Ada|A|file001.ts
Bob|A|file002.ts
Ada|M|file001.ts|ff0000
Bob|M|file002.ts|00ff00
Ada|A|file003.ts
Bob|A|file004.ts
Ada|M|file003.ts|0000ff
Bob|M|file004.ts|ffff00
Ada|A|file005.ts
Bob|A|file006.ts
Ada|M|file005.ts|ff00ff
Bob|M|file006.ts|00ffff
Ada|A|file007.ts
Bob|A|file008.ts
Ada|M|file007.ts|ccff00
Bob|M|file008.ts|ffcc00
Ada|A|file009.ts
Bob|A|file010.ts
Ada|D|file001.ts
Bob|D|file002.ts
Ada|A|file011.ts
Bob|A|file012.ts
Ada|D|file003.ts
Bob|D|file004.ts
Ada|A|file013.ts
Bob|A|file014.ts
Ada|A|file015.ts
Bob|A|file016.ts
Ada|A|file017.ts
Bob|A|file018.ts
Ada|A|file019.ts
Bob|A|file020.ts
